Microchip MPLAB XC8 Compiler V2.32

Linker command line:

-W-3 --edf=/home/maissa/microchip/xc8/v2.32/pic/dat/en_msgs.txt -cn \
  -h+dist/default/production/ProjetoFinalFornoEletrico.X.production.sym \
  --cmf=dist/default/production/ProjetoFinalFornoEletrico.X.production.cmf \
  -z -Q18F4520 -o/tmp/xcXodLAgm --defsym=__MPLAB_BUILD=1 \
  -Mdist/default/production/ProjetoFinalFornoEletrico.X.production.map -E1 \
  -ver=XC8 Compiler --acfsm=1493 -ASTACK=080h-05FFh -pstack=STACK \
  -ACODE=00h-07FFFh -ACONST=00h-07FFFh -ASMALLCONST=0600h-06FFhx122 \
  -AMEDIUMCONST=0600h-07FFFh -ACOMRAM=01h-07Fh -AABS1=00h-05FFh \
  -ABIGRAM=01h-05FFh -ARAM=080h-0FFh,0100h-01FFhx5 -ABANK0=080h-0FFh \
  -ABANK1=0100h-01FFh -ABANK2=0200h-02FFh -ABANK3=0300h-03FFh \
  -ABANK4=0400h-04FFh -ABANK5=0500h-05FFh -ASFR=0F80h-0FFFh \
  -ACONFIG=0300000h-030000Dh -AIDLOC=0200000h-0200007h \
  -AEEDATA=0F00000h-0F000FFh -peeprom_data=EEDATA \
  -preset_vec=00h,intcode,intcodelo,powerup,init -pramtop=0600h \
  -psmallconst=SMALLCONST -pmediumconst=MEDIUMCONST -pconst=CONST \
  -AFARRAM=00h-00h \
  -prdata=COMRAM,nvrram=COMRAM,nvbit=COMRAM,rbss=COMRAM,rbit=COMRAM \
  -pfarbss=FARRAM,fardata=FARRAM,nvFARRAM=FARRAM \
  -pintsave_regs=BIGRAM,bigbss=BIGRAM,bigdata=BIGRAM -pbss=RAM \
  -pidata=CODE,irdata=CODE,ibigdata=CODE,ifardata=CODE -prparam=COMRAM \
  /tmp/xcXgIneIJ.o \
  dist/default/production/ProjetoFinalFornoEletrico.X.production.o 

Object code version is 3.11

Machine type is 18F4520



                Name                               Link     Load   Length Selector   Space Scale
/tmp/xcXgIneIJ.o
                idloc                            200000   200000        8        0       5
                config                           300000   300000        E        0       4
                init                                  0        0        4        0       0
dist/default/production/ProjetoFinalFornoEletrico.X.production.o
                idloc                            200000   200000        8        0       5
                config                           300000   300000        E        0       4
                smallconst                          600      600       46      300       0
                text23                             16BC     16BC       64      323       0
                text22                              FE2      FE2      17A      323       0
                text21                             18B2     18B2        A      323       0
                text20                             18A8     18A8        A      323       0
                text19                             1866     1866       18      323       0
                text18                             184A     184A       1C      323       0
                text17                              D94      D94      24E      323       0
                text16                             1482     1482       7E      323       0
                text15                              B46      B46      24E      323       0
                text14                             1500     1500       78      323       0
                text13                             1720     1720       54      323       0
                text12                             1774     1774       50      323       0
                text11                             115C     115C      10C      323       0
                text10                             1824     1824       26      323       0
                text9                              1894     1894       14      323       0
                text8                              1578     1578       74      323       0
                text7                              17FE     17FE       26      323       0
                text6                              15EC     15EC       6C      323       0
                text5                              1370     1370       90      323       0
                text4                              1658     1658       64      323       0
                text3                              1268     1268      108      323       0
                text2                              17C4     17C4       3A      323       0
                text1                              1400     1400       82      323       0
                text0                               646      646      500      323       0
                cstackCOMRAM                          1        1       50        1       1
                bssCOMRAM                            51       51        C        1       1
                cinit                              187E     187E       16      323       0

TOTAL           Name                               Link     Load   Length     Space
        CLASS   STACK          

        CLASS   CODE           
                init                                  0        0        4         0
                text23                             16BC     16BC       64         0
                text22                              FE2      FE2      17A         0
                text21                             18B2     18B2        A         0
                text20                             18A8     18A8        A         0
                text19                             1866     1866       18         0
                text18                             184A     184A       1C         0
                text17                              D94      D94      24E         0
                text16                             1482     1482       7E         0
                text15                              B46      B46      24E         0
                text14                             1500     1500       78         0
                text13                             1720     1720       54         0
                text12                             1774     1774       50         0
                text11                             115C     115C      10C         0
                text10                             1824     1824       26         0
                text9                              1894     1894       14         0
                text8                              1578     1578       74         0
                text7                              17FE     17FE       26         0
                text6                              15EC     15EC       6C         0
                text5                              1370     1370       90         0
                text4                              1658     1658       64         0
                text3                              1268     1268      108         0
                text2                              17C4     17C4       3A         0
                text1                              1400     1400       82         0
                text0                               646      646      500         0
                cinit                              187E     187E       16         0

        CLASS   CONST          

        CLASS   SMALLCONST     
                smallconst                          600      600       46         0

        CLASS   MEDIUMCONST    

        CLASS   COMRAM         
                cstackCOMRAM                          1        1       50         1
                bssCOMRAM                            51       51        C         1

        CLASS   ABS1           

        CLASS   BIGRAM         

        CLASS   RAM            

        CLASS   BANK0          

        CLASS   BANK1          

        CLASS   BANK2          

        CLASS   BANK3          

        CLASS   BANK4          

        CLASS   BANK5          

        CLASS   SFR            

        CLASS   CONFIG         
                config                           300000   300000        E         4

        CLASS   IDLOC          
                idloc                            200000   200000        8         5

        CLASS   EEDATA         

        CLASS   FARRAM         



SEGMENTS        Name                           Load    Length   Top    Selector   Space  Class

                reset_vec                      000000  000004  000004         0       0  CODE    
                cstackCOMRAM                   000001  00005C  00005D         1       1  COMRAM  
                text0                          000646  001276  0018BC       323       0  CODE    
                smallconst                     000600  000046  000646       300       0  SMALLCON


UNUSED ADDRESS RANGES

        Name                Unused          Largest block    Delta
        BANK0            000080-0000FF               80
        BANK1            000100-0001FF              100
        BANK2            000200-0002FF              100
        BANK3            000300-0003FF              100
        BANK4            000400-0004FF              100
        BANK5            000500-0005FF              100
        BIGRAM           00005D-0005FF              5A3
        CODE             000004-0005FF              5FC
                         0018BC-007FFF             6744
        COMRAM           00005D-00007F               23
        CONST            000004-0005FF              5FC
                         0018BC-007FFF             6744
        EEDATA           F00000-F000FF              100
        MEDIUMCONST      0018BC-007FFF             6744
        RAM              000080-0005FF              100
        SFR              000F80-000FFF               80
        SMALLCONST       0018BC-007FFF              100
        STACK            000080-0005FF              580

                                  Symbol Table

?___aldiv                  cstackCOMRAM 000001
?___lwdiv                  cstackCOMRAM 00000E
?___lwmod                  cstackCOMRAM 000001
?___wmul                   cstackCOMRAM 000008
?_adc_amostra              cstackCOMRAM 000001
?_kpRead                   cstackCOMRAM 000001
?_setTemperature           cstackCOMRAM 000019
Delay2ms@i                 cstackCOMRAM 000002
Delay40us@i                cstackCOMRAM 000001
_ADCON0                    (abs)        000FC2
_ADCON0bits                (abs)        000FC2
_ADCON1                    (abs)        000FC1
_ADCON2                    (abs)        000FC0
_ADRESH                    (abs)        000FC4
_ADRESL                    (abs)        000FC3
_CCP1CON                   (abs)        000FBD
_CCP2CON                   (abs)        000FBA
_CCPR1L                    (abs)        000FBE
_CCPR2L                    (abs)        000FBB
_Delay2ms                  text18       00184A
_Delay40us                 text19       001866
_PORTA                     (abs)        000F80
_PORTB                     (abs)        000F81
_PORTC                     (abs)        000F82
_PORTCbits                 (abs)        000F82
_PORTD                     (abs)        000F83
_PORTE                     (abs)        000F84
_PR2                       (abs)        000FCB
_T2CON                     (abs)        000FCA
_TRISA                     (abs)        000F92
_TRISB                     (abs)        000F93
_TRISC                     (abs)        000F94
_TRISCbits                 (abs)        000F94
_TRISD                     (abs)        000F95
_TRISE                     (abs)        000F96
__HRAM                     (abs)        000000
__Habs1                    abs1         000000
__Hbank0                   bank0        000000
__Hbank1                   bank1        000000
__Hbank2                   bank2        000000
__Hbank3                   bank3        000000
__Hbank4                   bank4        000000
__Hbank5                   bank5        000000
__Hbigbss                  bigbss       000000
__Hbigdata                 bigdata      000000
__Hbigram                  bigram       000000
__Hbss                     bss          000000
__HbssCOMRAM               bssCOMRAM    000000
__Hcinit                   cinit        000000
__Hclrtext                 clrtext      000000
__Hcomram                  comram       000000
__Hconfig                  config       30000E
__Hconst                   const        000000
__HcstackCOMRAM            cstackCOMRAM 000000
__Hdata                    data         000000
__Heeprom_data             eeprom_data  000000
__Hfarbss                  farbss       000000
__Hfardata                 fardata      000000
__Hibigdata                ibigdata     000000
__Hidata                   idata        000000
__Hidloc                   idloc        200008
__Hifardata                ifardata     000000
__Hinit                    init         000004
__Hintcode                 intcode      000000
__Hintcode_body            intcode_body 000000
__Hintcodelo               intcodelo    000000
__Hintentry                intentry     000000
__Hintret                  intret       000000
__Hintsave_regs            intsave_regs 000000
__Hirdata                  irdata       000000
__Hmediumconst             mediumconst  000000
__HnvFARRAM                nvFARRAM     000000
__Hnvbit                   nvbit        000000
__Hnvrram                  nvrram       000000
__Hparam                   rparam       000000
__Hpowerup                 powerup      000000
__Hram                     ram          000000
__Hramtop                  ramtop       000600
__Hrbit                    rbit         000000
__Hrbss                    rbss         000000
__Hrdata                   rdata        000000
__Hreset_vec               reset_vec    000000
__Hrparam                  rparam       000000
__Hsfr                     sfr          000000
__Hsmallconst              smallconst   000646
__Hspace_0                 (abs)        0018BC
__Hspace_1                 (abs)        00005D
__Hspace_2                 (abs)        000000
__Hspace_4                 (abs)        60000E
__Hstack                   stack        000000
__Hstruct                  struct       000000
__Htemp                    temp         000000
__Htext                    text         000000
__Htext0                   text0        000000
__Htext1                   text1        000000
__Htext10                  text10       000000
__Htext11                  text11       000000
__Htext12                  text12       000000
__Htext13                  text13       000000
__Htext14                  text14       000000
__Htext15                  text15       000000
__Htext16                  text16       000000
__Htext17                  text17       000000
__Htext18                  text18       000000
__Htext19                  text19       000000
__Htext2                   text2        000000
__Htext20                  text20       000000
__Htext21                  text21       000000
__Htext22                  text22       000000
__Htext23                  text23       000000
__Htext3                   text3        000000
__Htext4                   text4        000000
__Htext5                   text5        000000
__Htext6                   text6        000000
__Htext7                   text7        000000
__Htext8                   text8        000000
__Htext9                   text9        000000
__LRAM                     (abs)        000001
__Labs1                    abs1         000000
__Lbank0                   bank0        000000
__Lbank1                   bank1        000000
__Lbank2                   bank2        000000
__Lbank3                   bank3        000000
__Lbank4                   bank4        000000
__Lbank5                   bank5        000000
__Lbigbss                  bigbss       000000
__Lbigdata                 bigdata      000000
__Lbigram                  bigram       000000
__Lbss                     bss          000000
__LbssCOMRAM               bssCOMRAM    000000
__Lcinit                   cinit        000000
__Lclrtext                 clrtext      000000
__Lcomram                  comram       000000
__Lconfig                  config       000000
__Lconst                   const        000000
__LcstackCOMRAM            cstackCOMRAM 000000
__Ldata                    data         000000
__Leeprom_data             eeprom_data  000000
__Lfarbss                  farbss       000000
__Lfardata                 fardata      000000
__Libigdata                ibigdata     000000
__Lidata                   idata        000000
__Lidloc                   idloc        000000
__Lifardata                ifardata     000000
__Linit                    init         000000
__Lintcode                 intcode      000000
__Lintcode_body            intcode_body 000000
__Lintcodelo               intcodelo    000000
__Lintentry                intentry     000000
__Lintret                  intret       000000
__Lintsave_regs            intsave_regs 000000
__Lirdata                  irdata       000000
__Lmediumconst             mediumconst  000000
__LnvFARRAM                nvFARRAM     000000
__Lnvbit                   nvbit        000000
__Lnvrram                  nvrram       000000
__Lparam                   rparam       000000
__Lpowerup                 powerup      000000
__Lram                     ram          000000
__Lramtop                  ramtop       000600
__Lrbit                    rbit         000000
__Lrbss                    rbss         000000
__Lrdata                   rdata        000000
__Lreset_vec               reset_vec    000000
__Lrparam                  rparam       000000
__Lsfr                     sfr          000000
__Lsmallconst              smallconst   000600
__Lspace_0                 (abs)        000000
__Lspace_1                 (abs)        000000
__Lspace_2                 (abs)        000000
__Lspace_4                 (abs)        000000
__Lstack                   stack        000000
__Lstruct                  struct       000000
__Ltemp                    temp         000000
__Ltext                    text         000000
__Ltext0                   text0        000000
__Ltext1                   text1        000000
__Ltext10                  text10       000000
__Ltext11                  text11       000000
__Ltext12                  text12       000000
__Ltext13                  text13       000000
__Ltext14                  text14       000000
__Ltext15                  text15       000000
__Ltext16                  text16       000000
__Ltext17                  text17       000000
__Ltext18                  text18       000000
__Ltext19                  text19       000000
__Ltext2                   text2        000000
__Ltext20                  text20       000000
__Ltext21                  text21       000000
__Ltext22                  text22       000000
__Ltext23                  text23       000000
__Ltext3                   text3        000000
__Ltext4                   text4        000000
__Ltext5                   text5        000000
__Ltext6                   text6        000000
__Ltext7                   text7        000000
__Ltext8                   text8        000000
__Ltext9                   text9        000000
__S0                       (abs)        0018BC
__S1                       (abs)        00005D
__S2                       (abs)        000000
__S4                       (abs)        000000
__S5                       (abs)        000000
___aldiv                   text11       00115C
___aldiv@counter           cstackCOMRAM 000009
___aldiv@dividend          cstackCOMRAM 000001
___aldiv@divisor           cstackCOMRAM 000005
___aldiv@quotient          cstackCOMRAM 00000B
___aldiv@sign              cstackCOMRAM 00000A
___inthi_sp                stack        000000
___intlo_sp                stack        000000
___lwdiv                   text8        001578
___lwdiv@counter           cstackCOMRAM 000014
___lwdiv@dividend          cstackCOMRAM 00000E
___lwdiv@divisor           cstackCOMRAM 000010
___lwdiv@quotient          cstackCOMRAM 000012
___lwmod                   text4        001658
___lwmod@counter           cstackCOMRAM 000005
___lwmod@dividend          cstackCOMRAM 000001
___lwmod@divisor           cstackCOMRAM 000003
___param_bank              (abs)        000000
___rparam_used             (abs)        000001
___sp                      stack        000000
___wmul                    text7        0017FE
___wmul@multiplicand       cstackCOMRAM 00000A
___wmul@multiplier         cstackCOMRAM 000008
___wmul@product            cstackCOMRAM 00000C
__accesstop                (abs)        000080
__activetblptr             (abs)        000002
__end_of_Delay2ms          text18       001866
__end_of_Delay40us         text19       00187E
__end_of___aldiv           text11       001268
__end_of___lwdiv           text8        0015EC
__end_of___lwmod           text4        0016BC
__end_of___wmul            text7        001824
__end_of__initialization   cinit        00188A
__end_of_adc_amostra       text5        001400
__end_of_atraso_ms         text23       001720
__end_of_digitalWrite      text17       000FE2
__end_of_itoa              text3        001370
__end_of_kpDebounce        text22       00115C
__end_of_kpInit            text21       0018BC
__end_of_kpRead            text20       0018B2
__end_of_lcdCommand        text16       001500
__end_of_lcdData           text13       001774
__end_of_lcdInit           text14       001578
__end_of_lcdPosition       text2        0017FE
__end_of_lcd_str           text12       0017C4
__end_of_main              text0        000B46
__end_of_pinMode           text15       000D94
__end_of_pwmFrequency      text10       00184A
__end_of_pwmInit           text9        0018A8
__end_of_pwmSet1           text6        001658
__end_of_setTemperature    text1        001482
__initialization           cinit        00187E
__mediumconst              mediumconst  000000
__pbssCOMRAM               bssCOMRAM    000051
__pcinit                   cinit        00187E
__pcstackCOMRAM            cstackCOMRAM 000001
__psmallconst              smallconst   000600
__ptext0                   text0        000646
__ptext1                   text1        001400
__ptext10                  text10       001824
__ptext11                  text11       00115C
__ptext12                  text12       001774
__ptext13                  text13       001720
__ptext14                  text14       001500
__ptext15                  text15       000B46
__ptext16                  text16       001482
__ptext17                  text17       000D94
__ptext18                  text18       00184A
__ptext19                  text19       001866
__ptext2                   text2        0017C4
__ptext20                  text20       0018A8
__ptext21                  text21       0018B2
__ptext22                  text22       000FE2
__ptext23                  text23       0016BC
__ptext3                   text3        001268
__ptext4                   text4        001658
__ptext5                   text5        001370
__ptext6                   text6        0015EC
__ptext7                   text7        0017FE
__ptext8                   text8        001578
__ptext9                   text9        001894
__ramtop                   ramtop       000600
__size_of_Delay2ms         (abs)        000000
__size_of_Delay40us        (abs)        000000
__size_of___aldiv          (abs)        000000
__size_of___lwdiv          (abs)        000000
__size_of___lwmod          (abs)        000000
__size_of___wmul           (abs)        000000
__size_of_adc_amostra      (abs)        000000
__size_of_atraso_ms        (abs)        000000
__size_of_digitalWrite     (abs)        000000
__size_of_itoa             (abs)        000000
__size_of_kpDebounce       (abs)        000000
__size_of_kpInit           (abs)        000000
__size_of_kpRead           (abs)        000000
__size_of_lcdCommand       (abs)        000000
__size_of_lcdData          (abs)        000000
__size_of_lcdInit          (abs)        000000
__size_of_lcdPosition      (abs)        000000
__size_of_lcd_str          (abs)        000000
__size_of_main             (abs)        000000
__size_of_pinMode          (abs)        000000
__size_of_pwmFrequency     (abs)        000000
__size_of_pwmInit          (abs)        000000
__size_of_pwmSet1          (abs)        000000
__size_of_setTemperature   (abs)        000000
__smallconst               smallconst   000600
_adc_amostra               text5        001370
_atraso_ms                 text23       0016BC
_cnt                       bssCOMRAM    00005A
_digitalWrite              text17       000D94
_i                         bssCOMRAM    00005B
_itoa                      text3        001268
_kpDebounce                text22       000FE2
_kpInit                    text21       0018B2
_kpRead                    text20       0018A8
_lcdCommand                text16       001482
_lcdData                   text13       001720
_lcdInit                   text14       001500
_lcdPosition               text2        0017C4
_lcd_str                   text12       001774
_main                      text0        000646
_perc                      bssCOMRAM    000059
_pinMode                   text15       000B46
_pwmFrequency              text10       001824
_pwmInit                   text9        001894
_pwmSet1                   text6        0015EC
_setTemperature            text1        001400
_tmax                      bssCOMRAM    000058
_tmin                      bssCOMRAM    000057
_valor                     bssCOMRAM    000055
adc_amostra@canal          cstackCOMRAM 000007
atraso_ms@i                cstackCOMRAM 000003
atraso_ms@j                cstackCOMRAM 000005
atraso_ms@k                cstackCOMRAM 000006
atraso_ms@t                cstackCOMRAM 000001
digitalWrite@pin           cstackCOMRAM 000001
digitalWrite@value         cstackCOMRAM 000003
end_of_initialization      cinit        00188A
intlevel0                  text         000000
intlevel1                  text         000000
intlevel2                  text         000000
intlevel3                  text         000000
isa$std                    (abs)        000001
isa$xinst                  (abs)        000000
itoa@str                   cstackCOMRAM 000017
itoa@val                   cstackCOMRAM 000015
kpDebounce@i               cstackCOMRAM 00000A
kpDebounce@j               cstackCOMRAM 000009
kpDebounce@k               cstackCOMRAM 000007
kpDebounce@old_D           cstackCOMRAM 000006
kpDebounce@tempo           bssCOMRAM    00005C
kpDebounce@valorAntigo     bssCOMRAM    000051
kpDebounce@valorNovo       bssCOMRAM    000053
lcdCommand@cmd             cstackCOMRAM 000008
lcdCommand@old_D           cstackCOMRAM 000007
lcdData@old_D              cstackCOMRAM 000008
lcdData@valor              cstackCOMRAM 000007
lcdPosition@coluna         cstackCOMRAM 000009
lcdPosition@comando        cstackCOMRAM 00000A
lcdPosition@linha          cstackCOMRAM 00000B
lcd_str@i                  cstackCOMRAM 00000D
lcd_str@str                cstackCOMRAM 000009
main@i                     cstackCOMRAM 00003C
main@i_436                 cstackCOMRAM 00003E
main@i_438                 cstackCOMRAM 000040
main@j                     cstackCOMRAM 000049
main@j_437                 cstackCOMRAM 00004B
main@j_439                 cstackCOMRAM 00004D
main@minutosCentena        cstackCOMRAM 000042
main@minutosDezena         cstackCOMRAM 000043
main@minutosUnidade        cstackCOMRAM 000044
main@str                   cstackCOMRAM 000034
main@tecla                 cstackCOMRAM 00004F
main@temperatura           cstackCOMRAM 00003A
main@temperaturaLcd        cstackCOMRAM 000045
main@temperaturaMaxima     cstackCOMRAM 00002E
main@temperaturaMinima     cstackCOMRAM 000030
main@tempoRelogio          cstackCOMRAM 000028
main@tempoTotal            cstackCOMRAM 000047
main@tmpi                  cstackCOMRAM 000032
pinMode@pin                cstackCOMRAM 000001
pinMode@type               cstackCOMRAM 000003
pwmFrequency@freq          cstackCOMRAM 00000F
pwmSet1@porcento           cstackCOMRAM 000017
pwmSet1@val                cstackCOMRAM 000018
setTemperature@str         cstackCOMRAM 00001D
setTemperature@temperatura cstackCOMRAM 000024
setTemperature@tmp         cstackCOMRAM 000023
stackhi                    (abs)        0005FF
stacklo                    (abs)        000080
start                      init         000000
start_initialization       cinit        00187E


MODULE INFORMATION

Module		Function		Class		Link	Load	Size
keypad.c
		_kpInit        		CODE           	18B2	0000	10
		_kpDebounce    		CODE           	0FE2	0000	378
		_kpRead        		CODE           	18A8	0000	10

keypad.c estimated size: 398

io.c
		_digitalWrite  		CODE           	0D94	0000	590
		_pinMode       		CODE           	0B46	0000	590

io.c estimated size: 1180

/home/maissa/microchip/xc8/v2.32/pic/sources/c99/common/Umul16.c
		___wmul        		CODE           	17FE	0000	38

/home/maissa/microchip/xc8/v2.32/pic/sources/c99/common/Umul16.c estimated size: 38

pwm.c
		_pwmInit       		CODE           	1894	0000	20
		_pwmSet1       		CODE           	15EC	0000	108
		_pwmFrequency  		CODE           	1824	0000	38

pwm.c estimated size: 166

atraso.c
		_atraso_ms     		CODE           	16BC	0000	100

atraso.c estimated size: 100

adc.c
		_adc_amostra   		CODE           	1370	0000	144

adc.c estimated size: 144

/home/maissa/microchip/xc8/v2.32/pic/sources/c99/common/lwmod.c
		___lwmod       		CODE           	1658	0000	100

/home/maissa/microchip/xc8/v2.32/pic/sources/c99/common/lwmod.c estimated size: 100

temperaturaForno.c
		_setTemperature		CODE           	1400	0000	130

temperaturaForno.c estimated size: 130

shared
		__initialization		CODE           	187E	0000	12

shared estimated size: 12

lcd.c
		_lcdCommand    		CODE           	1482	0000	126
		_lcdPosition   		CODE           	17C4	0000	58
		_Delay40us     		CODE           	1866	0000	24
		_lcdInit       		CODE           	1500	0000	120
		_lcdData       		CODE           	1720	0000	84
		_lcd_str       		CODE           	1774	0000	80
		_Delay2ms      		CODE           	184A	0000	28

lcd.c estimated size: 520

/home/maissa/microchip/xc8/v2.32/pic/sources/c99/common/lwdiv.c
		___lwdiv       		CODE           	1578	0000	116

/home/maissa/microchip/xc8/v2.32/pic/sources/c99/common/lwdiv.c estimated size: 116

itoa.c
		_itoa          		CODE           	1268	0000	264

itoa.c estimated size: 264

main.c
		_main          		CODE           	0646	0000	1280

main.c estimated size: 1280

/home/maissa/microchip/xc8/v2.32/pic/sources/c99/common/aldiv.c
		___aldiv       		CODE           	115C	0000	268

/home/maissa/microchip/xc8/v2.32/pic/sources/c99/common/aldiv.c estimated size: 268

